#
# There is insufficient memory for the Java Runtime Environment to continue.
# Native memory allocation (malloc) failed to allocate 2070024 bytes. Error detail: Chunk::new
# Possible reasons:
#   The system is out of physical RAM or swap space
#   This process is running with CompressedOops enabled, and the Java Heap may be blocking the growth of the native heap
# Possible solutions:
#   Reduce memory load on the system
#   Increase physical memory or swap space
#   Check if swap backing store is full
#   Decrease Java heap size (-Xmx/-Xms)
#   Decrease number of Java threads
#   Decrease Java thread stack sizes (-Xss)
#   Set larger code cache with -XX:ReservedCodeCacheSize=
#   JVM is running with Unscaled Compressed Oops mode in which the Java heap is
#     placed in the first 4GB address space. The Java Heap base address is the
#     maximum limit for the native heap growth. Please use -XX:HeapBaseMinAddress
#     to set the Java Heap base and to place the Java Heap above 4GB virtual address.
# This output file may be truncated or incomplete.
#
#  Out of Memory Error (arena.cpp:186), pid=17816, tid=9024
#
# JRE version: OpenJDK Runtime Environment (25.0.1+8) (build 25.0.1+8-27)
# Java VM: OpenJDK 64-Bit Server VM (25.0.1+8-27, mixed mode, sharing, tiered, compressed oops, compressed class ptrs, g1 gc, windows-amd64)
# No core dump will be written. Minidumps are not enabled by default on client versions of Windows
#

---------------  S U M M A R Y ------------

Command Line: --add-opens=java.base/java.lang=ALL-UNNAMED --enable-native-access=ALL-UNNAMED -Dclassworlds.conf=C:/Users/jungw/.m2/wrapper/dists/apache-maven-3.9.14/db91789b/bin/m2.conf -Dmaven.home=C:/Users/jungw/.m2/wrapper/dists/apache-maven-3.9.14/db91789b -Dlibrary.jansi.path=C:/Users/jungw/.m2/wrapper/dists/apache-maven-3.9.14/db91789b/lib/jansi-native -Dmaven.multiModuleProjectDirectory=C:/TripTogether org.codehaus.plexus.classworlds.launcher.Launcher clean compile -q

Host: AMD Ryzen 5 5625U with Radeon Graphics         , 12 cores, 5G,  Windows 11 , 64 bit Build 26100 (10.0.26100.7920)
Time: Sun Apr 12 17:43:54 2026 elapsed time: 6.105086 seconds (0d 0h 0m 6s)

---------------  T H R E A D  ---------------

Current thread (0x0000025336d58180):  JavaThread "C2 CompilerThread2" daemon [_thread_in_native, id=9024, stack(0x000000736e200000,0x000000736e300000) (1024K)]


Current CompileTask:
C2:6105 8323       4       lombok.javac.JavacAST::buildStatementOrExpression (120 bytes)

Stack: [0x000000736e200000,0x000000736e300000]
Native frames: (J=compiled Java code, j=interpreted, Vv=VM code, C=native code)
V  [jvm.dll+0x7a6b59]  (no source info available)
V  [jvm.dll+0x77290d]  (no source info available)
V  [jvm.dll+0x966153]  (no source info available)
V  [jvm.dll+0x968751]  (no source info available)
V  [jvm.dll+0x968e53]  (no source info available)
V  [jvm.dll+0x2fc756]  (no source info available)
V  [jvm.dll+0x111b26]  (no source info available)
V  [jvm.dll+0x111e4e]  (no source info available)
V  [jvm.dll+0x452467]  (no source info available)
V  [jvm.dll+0x421762]  (no source info available)
V  [jvm.dll+0x420b7a]  (no source info available)
V  [jvm.dll+0x2c08a9]  (no source info available)
V  [jvm.dll+0x2bfa8f]  (no source info available)
V  [jvm.dll+0x237b60]  (no source info available)
V  [jvm.dll+0x2cfb56]  (no source info available)
V  [jvm.dll+0x2cddd5]  (no source info available)
V  [jvm.dll+0x48e6d1]  (no source info available)
V  [jvm.dll+0x906a0d]  (no source info available)
V  [jvm.dll+0x7a5135]  (no source info available)
C  [ucrtbase.dll+0x37b0]  (no source info available)
C  [KERNEL32.DLL+0x2e8d7]  (no source info available)
C  [ntdll.dll+0x8c48c]  (no source info available)

Lock stack of current Java thread (top to bottom):


---------------  P R O C E S S  ---------------

Threads class SMR info:
_java_thread_list=0x0000025337b52410, length=13, elements={
0x0000025312ed25d0, 0x00000253318adf80, 0x00000253318ae740, 0x00000253318a1cf0,
0x00000253318a2860, 0x00000253318a5030, 0x00000253318b6fe0, 0x00000253318c7c10,
0x00000253318ce5f0, 0x0000025331a11b40, 0x0000025331a324e0, 0x0000025336d54100,
0x0000025336d58180
}

Java Threads: ( => current thread )
  0x0000025312ed25d0 JavaThread "main"                              [_thread_in_Java, id=17620, stack(0x000000736c600000,0x000000736c700000) (1024K)]
  0x00000253318adf80 JavaThread "Reference Handler"          daemon [_thread_blocked, id=16208, stack(0x000000736ce00000,0x000000736cf00000) (1024K)]
  0x00000253318ae740 JavaThread "Finalizer"                  daemon [_thread_blocked, id=9620, stack(0x000000736cf00000,0x000000736d000000) (1024K)]
  0x00000253318a1cf0 JavaThread "Signal Dispatcher"          daemon [_thread_blocked, id=14592, stack(0x000000736d000000,0x000000736d100000) (1024K)]
  0x00000253318a2860 JavaThread "Attach Listener"            daemon [_thread_blocked, id=17220, stack(0x000000736d100000,0x000000736d200000) (1024K)]
  0x00000253318a5030 JavaThread "Service Thread"             daemon [_thread_blocked, id=6120, stack(0x000000736d200000,0x000000736d300000) (1024K)]
  0x00000253318b6fe0 JavaThread "Monitor Deflation Thread"   daemon [_thread_blocked, id=10508, stack(0x000000736d300000,0x000000736d400000) (1024K)]
  0x00000253318c7c10 JavaThread "C2 CompilerThread0"         daemon [_thread_in_native, id=13176, stack(0x000000736d400000,0x000000736d500000) (1024K)]
  0x00000253318ce5f0 JavaThread "C1 CompilerThread0"         daemon [_thread_blocked, id=16696, stack(0x000000736d500000,0x000000736d600000) (1024K)]
  0x0000025331a11b40 JavaThread "Notification Thread"        daemon [_thread_blocked, id=14808, stack(0x000000736d600000,0x000000736d700000) (1024K)]
  0x0000025331a324e0 JavaThread "Common-Cleaner"             daemon [_thread_blocked, id=12272, stack(0x000000736d700000,0x000000736d800000) (1024K)]
  0x0000025336d54100 JavaThread "C2 CompilerThread1"         daemon [_thread_in_native, id=7240, stack(0x000000736dc00000,0x000000736dd00000) (1024K)]
=>0x0000025336d58180 JavaThread "C2 CompilerThread2"         daemon [_thread_in_native, id=9024, stack(0x000000736e200000,0x000000736e300000) (1024K)]
Total: 13

Other Threads:
  0x000002533188ce80 VMThread "VM Thread"                           [id=6932, stack(0x000000736cd00000,0x000000736ce00000) (1024K)]
  0x000002533187e130 WatcherThread "VM Periodic Task Thread"        [id=10212, stack(0x000000736cc00000,0x000000736cd00000) (1024K)]
  0x00000253151c6f60 WorkerThread "GC Thread#0"                     [id=6752, stack(0x000000736c700000,0x000000736c800000) (1024K)]
  0x0000025336aa69d0 WorkerThread "GC Thread#1"                     [id=3664, stack(0x000000736d800000,0x000000736d900000) (1024K)]
  0x00000253369b9170 WorkerThread "GC Thread#2"                     [id=4432, stack(0x000000736d900000,0x000000736da00000) (1024K)]
  0x00000253369b95a0 WorkerThread "GC Thread#3"                     [id=14136, stack(0x000000736da00000,0x000000736db00000) (1024K)]
  0x00000253369b9dd0 WorkerThread "GC Thread#4"                     [id=15636, stack(0x000000736db00000,0x000000736dc00000) (1024K)]
  0x00000253368ad780 WorkerThread "GC Thread#5"                     [id=16144, stack(0x000000736dd00000,0x000000736de00000) (1024K)]
  0x00000253368ab950 WorkerThread "GC Thread#6"                     [id=18212, stack(0x000000736de00000,0x000000736df00000) (1024K)]
  0x000002533713bb10 WorkerThread "GC Thread#7"                     [id=9308, stack(0x000000736df00000,0x000000736e000000) (1024K)]
  0x000002533713c800 WorkerThread "GC Thread#8"                     [id=17612, stack(0x000000736e000000,0x000000736e100000) (1024K)]
  0x0000025337139440 WorkerThread "GC Thread#9"                     [id=9976, stack(0x000000736e100000,0x000000736e200000) (1024K)]
  0x00000253151dab20 ConcurrentGCThread "G1 Main Marker"            [id=9436, stack(0x000000736c800000,0x000000736c900000) (1024K)]
  0x00000253151dd3d0 WorkerThread "G1 Conc#0"                       [id=18548, stack(0x000000736c900000,0x000000736ca00000) (1024K)]
  0x00000253378eac40 WorkerThread "G1 Conc#1"                       [id=11128, stack(0x000000736e300000,0x000000736e400000) (1024K)]
  0x00000253378ea7f0 WorkerThread "G1 Conc#2"                       [id=18604, stack(0x000000736e400000,0x000000736e500000) (1024K)]
  0x000002531523e9c0 ConcurrentGCThread "G1 Refine#0"               [id=8060, stack(0x000000736ca00000,0x000000736cb00000) (1024K)]
  0x00000253317550b0 ConcurrentGCThread "G1 Service"                [id=10236, stack(0x000000736cb00000,0x000000736cc00000) (1024K)]
Total: 18

Threads with active compile tasks:
C2 CompilerThread0  8178 8377   !   4       lombok.javac.JavacAST::drill (146 bytes)
C2 CompilerThread1  8178 8322       4       lombok.core.AST::buildWithField (21 bytes)
C2 CompilerThread2  8178 8323       4       lombok.javac.JavacAST::buildStatementOrExpression (120 bytes)
Total: 3

VM state: not at safepoint (normal execution)

VM Mutex/Monitor currently owned by a thread: None

Heap address: 0x00000000a2600000, size: 1498 MB, Compressed Oops mode: 32-bit

CDS archive(s) mapped at: [0x0000000029000000-0x0000000029dd0000-0x0000000029dd0000), size 14483456, SharedBaseAddress: 0x0000000029000000, ArchiveRelocationMode: 1.
Compressed class space mapped at: 0x000000002a000000-0x000000006a000000, reserved size: 1073741824
UseCompressedClassPointers 1, UseCompactObjectHeaders 0
Narrow klass pointer bits 32, Max shift 3
Narrow klass base: 0x0000000029000000, Narrow klass shift: 0
Encoding Range: [0x0000000029000000 - 0x0000000129000000), (4294967296 bytes)
Klass Range:    [0x0000000029010000 - 0x000000006a000000), (1090453504 bytes)
Klass ID Range:  [65536 - 1090519033) (1090453497)
Protection zone: [0x0000000029000000 - 0x0000000029010000), (65536 bytes)

GC Precious Log:
 CardTable entry size: 512
 Card Set container configuration: InlinePtr #cards 5 size 8 Array Of Cards #cards 10 size 36 Howl #buckets 4 coarsen threshold 1843 Howl Bitmap #cards 512 size 80 coarsen threshold 460 Card regions per heap region 1 cards per card region 2048
 CPUs: 12 total, 12 available
 Memory: 5989M
 Large Page Support: Disabled
 NUMA Support: Disabled
 Compressed Oops: Enabled (32-bit)
 Heap Region Size: 1M
 Heap Min Capacity: 8M
 Heap Initial Capacity: 94M
 Heap Max Capacity: 1498M
 Pre-touch: Disabled
 Parallel Workers: 10
 Concurrent Workers: 3
 Concurrent Refinement Workers: 10
 Periodic GC: Disabled

Heap:
 garbage-first heap   total reserved 1533952K, committed 113664K, used 56271K [0x00000000a2600000, 0x0000000100000000)
  region size 1024K, 15 young (15360K), 1 survivors (1024K)

Heap Regions: E=young(eden), S=young(survivor), O=old, HS=humongous(starts), HC=humongous(continues), CS=collection set, F=free, TAMS=top-at-mark-start, PB=parsable bottom
|   0|0x00000000a2600000, 0x00000000a2700000, 0x00000000a2700000|100%| O|  |TAMS 0x00000000a2600000| PB 0x00000000a2600000| Untracked |  0
|   1|0x00000000a2700000, 0x00000000a2800000, 0x00000000a2800000|100%| O|  |TAMS 0x00000000a2700000| PB 0x00000000a2700000| Untracked |  0
|   2|0x00000000a2800000, 0x00000000a2900000, 0x00000000a2900000|100%| O|  |TAMS 0x00000000a2800000| PB 0x00000000a2800000| Untracked |  0
|   3|0x00000000a2900000, 0x00000000a2a00000, 0x00000000a2a00000|100%| O|  |TAMS 0x00000000a2900000| PB 0x00000000a2900000| Untracked |  0
|   4|0x00000000a2a00000, 0x00000000a2b00000, 0x00000000a2b00000|100%| O|  |TAMS 0x00000000a2a00000| PB 0x00000000a2a00000| Untracked |  0
|   5|0x00000000a2b00000, 0x00000000a2c00000, 0x00000000a2c00000|100%| O|  |TAMS 0x00000000a2b00000| PB 0x00000000a2b00000| Untracked |  0
|   6|0x00000000a2c00000, 0x00000000a2d00000, 0x00000000a2d00000|100%| O|  |TAMS 0x00000000a2c00000| PB 0x00000000a2c00000| Untracked |  0
|   7|0x00000000a2d00000, 0x00000000a2e00000, 0x00000000a2e00000|100%| O|  |TAMS 0x00000000a2d00000| PB 0x00000000a2d00000| Untracked |  0
|   8|0x00000000a2e00000, 0x00000000a2f00000, 0x00000000a2f00000|100%| O|  |TAMS 0x00000000a2e00000| PB 0x00000000a2e00000| Untracked |  0
|   9|0x00000000a2f00000, 0x00000000a3000000, 0x00000000a3000000|100%| O|  |TAMS 0x00000000a2f00000| PB 0x00000000a2f00000| Untracked |  0
|  10|0x00000000a3000000, 0x00000000a3100000, 0x00000000a3100000|100%| O|  |TAMS 0x00000000a3000000| PB 0x00000000a3000000| Untracked |  0
|  11|0x00000000a3100000, 0x00000000a3200000, 0x00000000a3200000|100%| O|  |TAMS 0x00000000a3100000| PB 0x00000000a3100000| Untracked |  0
|  12|0x00000000a3200000, 0x00000000a3300000, 0x00000000a3300000|100%| O|  |TAMS 0x00000000a3200000| PB 0x00000000a3200000| Untracked |  0
|  13|0x00000000a3300000, 0x00000000a3373cd8, 0x00000000a3400000| 45%| O|  |TAMS 0x00000000a3300000| PB 0x00000000a3300000| Untracked |  0
|  14|0x00000000a3400000, 0x00000000a3500000, 0x00000000a3500000|100%| O|  |TAMS 0x00000000a3400000| PB 0x00000000a3400000| Untracked |  0
|  15|0x00000000a3500000, 0x00000000a3600000, 0x00000000a3600000|100%| O|  |TAMS 0x00000000a3500000| PB 0x00000000a3500000| Untracked |  0
|  16|0x00000000a3600000, 0x00000000a3700000, 0x00000000a3700000|100%|HS|  |TAMS 0x00000000a3600000| PB 0x00000000a3600000| Complete |  0
|  17|0x00000000a3700000, 0x00000000a3800000, 0x00000000a3800000|100%|HC|  |TAMS 0x00000000a3700000| PB 0x00000000a3700000| Complete |  0
|  18|0x00000000a3800000, 0x00000000a3900000, 0x00000000a3900000|100%| O|  |TAMS 0x00000000a3800000| PB 0x00000000a3800000| Untracked |  0
|  19|0x00000000a3900000, 0x00000000a3a00000, 0x00000000a3a00000|100%| O|  |TAMS 0x00000000a3900000| PB 0x00000000a3900000| Untracked |  0
|  20|0x00000000a3a00000, 0x00000000a3b00000, 0x00000000a3b00000|100%| O|  |TAMS 0x00000000a3a00000| PB 0x00000000a3a00000| Untracked |  0
|  21|0x00000000a3b00000, 0x00000000a3c00000, 0x00000000a3c00000|100%| O|  |TAMS 0x00000000a3b00000| PB 0x00000000a3b00000| Untracked |  0
|  22|0x00000000a3c00000, 0x00000000a3d00000, 0x00000000a3d00000|100%| O|  |TAMS 0x00000000a3c00000| PB 0x00000000a3c00000| Untracked |  0
|  23|0x00000000a3d00000, 0x00000000a3e00000, 0x00000000a3e00000|100%| O|  |TAMS 0x00000000a3d00000| PB 0x00000000a3d00000| Untracked |  0
|  24|0x00000000a3e00000, 0x00000000a3f00000, 0x00000000a3f00000|100%| O|  |TAMS 0x00000000a3e00000| PB 0x00000000a3e00000| Untracked |  0
|  25|0x00000000a3f00000, 0x00000000a4000000, 0x00000000a4000000|100%| O|  |TAMS 0x00000000a3f00000| PB 0x00000000a3f00000| Untracked |  0
|  26|0x00000000a4000000, 0x00000000a4100000, 0x00000000a4100000|100%| O|  |TAMS 0x00000000a4000000| PB 0x00000000a4000000| Untracked |  0
|  27|0x00000000a4100000, 0x00000000a4200000, 0x00000000a4200000|100%| O|  |TAMS 0x00000000a4100000| PB 0x00000000a4100000| Untracked |  0
|  28|0x00000000a4200000, 0x00000000a4300000, 0x00000000a4300000|100%| O|  |TAMS 0x00000000a4200000| PB 0x00000000a4200000| Untracked |  0
|  29|0x00000000a4300000, 0x00000000a4400000, 0x00000000a4400000|100%| O|  |TAMS 0x00000000a4300000| PB 0x00000000a4300000| Untracked |  0
|  30|0x00000000a4400000, 0x00000000a4500000, 0x00000000a4500000|100%| O|  |TAMS 0x00000000a4400000| PB 0x00000000a4400000| Untracked |  0
|  31|0x00000000a4500000, 0x00000000a4600000, 0x00000000a4600000|100%| O|  |TAMS 0x00000000a4500000| PB 0x00000000a4500000| Untracked |  0
|  32|0x00000000a4600000, 0x00000000a4680000, 0x00000000a4700000| 50%| O|  |TAMS 0x00000000a4600000| PB 0x00000000a4600000| Untracked |  0
|  33|0x00000000a4700000, 0x00000000a4700000, 0x00000000a4800000|  0%| F|  |TAMS 0x00000000a4700000| PB 0x00000000a4700000| Untracked |  0
|  34|0x00000000a4800000, 0x00000000a4800000, 0x00000000a4900000|  0%| F|  |TAMS 0x00000000a4800000| PB 0x00000000a4800000| Untracked |  0
|  35|0x00000000a4900000, 0x00000000a4a00000, 0x00000000a4a00000|100%| O|  |TAMS 0x00000000a4900000| PB 0x00000000a4900000| Untracked |  0
|  36|0x00000000a4a00000, 0x00000000a4b00000, 0x00000000a4b00000|100%| O|  |TAMS 0x00000000a4a00000| PB 0x00000000a4a00000| Untracked |  0
|  37|0x00000000a4b00000, 0x00000000a4c00000, 0x00000000a4c00000|100%| O|  |TAMS 0x00000000a4b00000| PB 0x00000000a4b00000| Untracked |  0
|  38|0x00000000a4c00000, 0x00000000a4d00000, 0x00000000a4d00000|100%| O|  |TAMS 0x00000000a4c00000| PB 0x00000000a4c00000| Untracked |  0
|  39|0x00000000a4d00000, 0x00000000a4e00000, 0x00000000a4e00000|100%| O|  |TAMS 0x00000000a4d00000| PB 0x00000000a4d00000| Untracked |  0
|  40|0x00000000a4e00000, 0x00000000a4f00000, 0x00000000a4f00000|100%| O|  |TAMS 0x00000000a4e00000| PB 0x00000000a4e00000| Untracked |  0
|  41|0x00000000a4f00000, 0x00000000a4f00000, 0x00000000a5000000|  0%| F|  |TAMS 0x00000000a4f00000| PB 0x00000000a4f00000| Untracked |  0
|  42|0x00000000a5000000, 0x00000000a5000000, 0x00000000a5100000|  0%| F|  |TAMS 0x00000000a5000000| PB 0x00000000a5000000| Untracked |  0
|  43|0x00000000a5100000, 0x00000000a5100000, 0x00000000a5200000|  0%| F|  |TAMS 0x00000000a5100000| PB 0x00000000a5100000| Untracked |  0
|  44|0x00000000a5200000, 0x00000000a5200000, 0x00000000a5300000|  0%| F|  |TAMS 0x00000000a5200000| PB 0x00000000a5200000| Untracked |  0
|  45|0x00000000a5300000, 0x00000000a5300000, 0x00000000a5400000|  0%| F|  |TAMS 0x00000000a5300000| PB 0x00000000a5300000| Untracked |  0
|  46|0x00000000a5400000, 0x00000000a5400000, 0x00000000a5500000|  0%| F|  |TAMS 0x00000000a5400000| PB 0x00000000a5400000| Untracked |  0
|  47|0x00000000a5500000, 0x00000000a5500000, 0x00000000a5600000|  0%| F|  |TAMS 0x00000000a5500000| PB 0x00000000a5500000| Untracked |  0
|  48|0x00000000a5600000, 0x00000000a5600000, 0x00000000a5700000|  0%| F|  |TAMS 0x00000000a5600000| PB 0x00000000a5600000| Untracked |  0
|  49|0x00000000a5700000, 0x00000000a5700000, 0x00000000a5800000|  0%| F|  |TAMS 0x00000000a5700000| PB 0x00000000a5700000| Untracked |  0
|  50|0x00000000a5800000, 0x00000000a5800000, 0x00000000a5900000|  0%| F|  |TAMS 0x00000000a5800000| PB 0x00000000a5800000| Untracked |  0
|  51|0x00000000a5900000, 0x00000000a5900000, 0x00000000a5a00000|  0%| F|  |TAMS 0x00000000a5900000| PB 0x00000000a5900000| Untracked |  0
|  52|0x00000000a5a00000, 0x00000000a5a00000, 0x00000000a5b00000|  0%| F|  |TAMS 0x00000000a5a00000| PB 0x00000000a5a00000| Untracked |  0
|  53|0x00000000a5b00000, 0x00000000a5b00000, 0x00000000a5c00000|  0%| F|  |TAMS 0x00000000a5b00000| PB 0x00000000a5b00000| Untracked |  0
|  54|0x00000000a5c00000, 0x00000000a5c00000, 0x00000000a5d00000|  0%| F|  |TAMS 0x00000000a5c00000| PB 0x00000000a5c00000| Untracked |  0
|  55|0x00000000a5d00000, 0x00000000a5d00000, 0x00000000a5e00000|  0%| F|  |TAMS 0x00000000a5d00000| PB 0x00000000a5d00000| Untracked |  0
|  56|0x00000000a5e00000, 0x00000000a5e00000, 0x00000000a5f00000|  0%| F|  |TAMS 0x00000000a5e00000| PB 0x00000000a5e00000| Untracked |  0
|  57|0x00000000a5f00000, 0x00000000a5f00000, 0x00000000a6000000|  0%| F|  |TAMS 0x00000000a5f00000| PB 0x00000000a5f00000| Untracked |  0
|  58|0x00000000a6000000, 0x00000000a6000000, 0x00000000a6100000|  0%| F|  |TAMS 0x00000000a6000000| PB 0x00000000a6000000| Untracked |  0
|  59|0x00000000a6100000, 0x00000000a6100000, 0x00000000a6200000|  0%| F|  |TAMS 0x00000000a6100000| PB 0x00000000a6100000| Untracked |  0
|  60|0x00000000a6200000, 0x00000000a6200000, 0x00000000a6300000|  0%| F|  |TAMS 0x00000000a6200000| PB 0x00000000a6200000| Untracked |  0
|  61|0x00000000a6300000, 0x00000000a6300000, 0x00000000a6400000|  0%| F|  |TAMS 0x00000000a6300000| PB 0x00000000a6300000| Untracked |  0
|  62|0x00000000a6400000, 0x00000000a6500000, 0x00000000a6500000|100%| S|CS|TAMS 0x00000000a6400000| PB 0x00000000a6400000| Complete |  0
|  63|0x00000000a6500000, 0x00000000a6500000, 0x00000000a6600000|  0%| F|  |TAMS 0x00000000a6500000| PB 0x00000000a6500000| Untracked |  0
|  64|0x00000000a6600000, 0x00000000a6600000, 0x00000000a6700000|  0%| F|  |TAMS 0x00000000a6600000| PB 0x00000000a6600000| Untracked |  0
|  65|0x00000000a6700000, 0x00000000a6700000, 0x00000000a6800000|  0%| F|  |TAMS 0x00000000a6700000| PB 0x00000000a6700000| Untracked |  0
|  66|0x00000000a6800000, 0x00000000a6800000, 0x00000000a6900000|  0%| F|  |TAMS 0x00000000a6800000| PB 0x00000000a6800000| Untracked |  0
|  67|0x00000000a6900000, 0x00000000a6900000, 0x00000000a6a00000|  0%| F|  |TAMS 0x00000000a6900000| PB 0x00000000a6900000| Untracked |  0
|  68|0x00000000a6a00000, 0x00000000a6a00000, 0x00000000a6b00000|  0%| F|  |TAMS 0x00000000a6a00000| PB 0x00000000a6a00000| Untracked |  0
|  69|0x00000000a6b00000, 0x00000000a6b00000, 0x00000000a6c00000|  0%| F|  |TAMS 0x00000000a6b00000| PB 0x00000000a6b00000| Untracked |  0
|  70|0x00000000a6c00000, 0x00000000a6c00000, 0x00000000a6d00000|  0%| F|  |TAMS 0x00000000a6c00000| PB 0x00000000a6c00000| Untracked |  0
|  71|0x00000000a6d00000, 0x00000000a6d00000, 0x00000000a6e00000|  0%| F|  |TAMS 0x00000000a6d00000| PB 0x00000000a6d00000| Untracked |  0
|  72|0x00000000a6e00000, 0x00000000a6e00000, 0x00000000a6f00000|  0%| F|  |TAMS 0x00000000a6e00000| PB 0x00000000a6e00000| Untracked |  0
|  73|0x00000000a6f00000, 0x00000000a6f00000, 0x00000000a7000000|  0%| F|  |TAMS 0x00000000a6f00000| PB 0x00000000a6f00000| Untracked |  0
|  74|0x00000000a7000000, 0x00000000a7000000, 0x00000000a7100000|  0%| F|  |TAMS 0x00000000a7000000| PB 0x00000000a7000000| Untracked |  0
|  75|0x00000000a7100000, 0x00000000a7100000, 0x00000000a7200000|  0%| F|  |TAMS 0x00000000a7100000| PB 0x00000000a7100000| Untracked |  0
|  76|0x00000000a7200000, 0x00000000a7200000, 0x00000000a7300000|  0%| F|  |TAMS 0x00000000a7200000| PB 0x00000000a7200000| Untracked |  0
|  77|0x00000000a7300000, 0x00000000a7300000, 0x00000000a7400000|  0%| F|  |TAMS 0x00000000a7300000| PB 0x00000000a7300000| Untracked |  0
|  78|0x00000000a7400000, 0x00000000a7400000, 0x00000000a7500000|  0%| F|  |TAMS 0x00000000a7400000| PB 0x00000000a7400000| Untracked |  0
|  79|0x00000000a7500000, 0x00000000a7500000, 0x00000000a7600000|  0%| F|  |TAMS 0x00000000a7500000| PB 0x00000000a7500000| Untracked |  0
|  80|0x00000000a7600000, 0x00000000a7600000, 0x00000000a7700000|  0%| F|  |TAMS 0x00000000a7600000| PB 0x00000000a7600000| Untracked |  0
|  81|0x00000000a7700000, 0x00000000a7700000, 0x00000000a7800000|  0%| F|  |TAMS 0x00000000a7700000| PB 0x00000000a7700000| Untracked |  0
|  82|0x00000000a7800000, 0x00000000a7800000, 0x00000000a7900000|  0%| F|  |TAMS 0x00000000a7800000| PB 0x00000000a7800000| Untracked |  0
|  83|0x00000000a7900000, 0x00000000a7900000, 0x00000000a7a00000|  0%| F|  |TAMS 0x00000000a7900000| PB 0x00000000a7900000| Untracked |  0
|  84|0x00000000a7a00000, 0x00000000a7a00000, 0x00000000a7b00000|  0%| F|  |TAMS 0x00000000a7a00000| PB 0x00000000a7a00000| Untracked |  0
|  85|0x00000000a7b00000, 0x00000000a7b00000, 0x00000000a7c00000|  0%| F|  |TAMS 0x00000000a7b00000| PB 0x00000000a7b00000| Untracked |  0
|  86|0x00000000a7c00000, 0x00000000a7c00000, 0x00000000a7d00000|  0%| F|  |TAMS 0x00000000a7c00000| PB 0x00000000a7c00000| Untracked |  0
|  87|0x00000000a7d00000, 0x00000000a7d00000, 0x00000000a7e00000|  0%| F|  |TAMS 0x00000000a7d00000| PB 0x00000000a7d00000| Untracked |  0
|  88|0x00000000a7e00000, 0x00000000a7e00000, 0x00000000a7f00000|  0%| F|  |TAMS 0x00000000a7e00000| PB 0x00000000a7e00000| Untracked |  0
|  89|0x00000000a7f00000, 0x00000000a7f00000, 0x00000000a8000000|  0%| F|  |TAMS 0x00000000a7f00000| PB 0x00000000a7f00000| Untracked |  0
|  90|0x00000000a8000000, 0x00000000a8000000, 0x00000000a8100000|  0%| F|  |TAMS 0x00000000a8000000| PB 0x00000000a8000000| Untracked |  0
|  91|0x00000000a8100000, 0x00000000a8100000, 0x00000000a8200000|  0%| F|  |TAMS 0x00000000a8100000| PB 0x00000000a8100000| Untracked |  0
|  92|0x00000000a8200000, 0x00000000a8200000, 0x00000000a8300000|  0%| F|  |TAMS 0x00000000a8200000| PB 0x00000000a8200000| Untracked |  0
|  93|0x00000000a8300000, 0x00000000a8380000, 0x00000000a8400000| 50%| E|  |TAMS 0x00000000a8300000| PB 0x00000000a8300000| Complete |  0
|  94|0x00000000a8400000, 0x00000000a8500000, 0x00000000a8500000|100%| E|CS|TAMS 0x00000000a8400000| PB 0x00000000a8400000| Complete |  0
|  95|0x00000000a8500000, 0x00000000a8600000, 0x00000000a8600000|100%| E|CS|TAMS 0x00000000a8500000| PB 0x00000000a8500000| Complete |  0
|  96|0x00000000a8600000, 0x00000000a8700000, 0x00000000a8700000|100%| E|CS|TAMS 0x00000000a8600000| PB 0x00000000a8600000| Complete |  0
|  97|0x00000000a8700000, 0x00000000a8800000, 0x00000000a8800000|100%| E|CS|TAMS 0x00000000a8700000| PB 0x00000000a8700000| Complete |  0
|  98|0x00000000a8800000, 0x00000000a8900000, 0x00000000a8900000|100%| E|CS|TAMS 0x00000000a8800000| PB 0x00000000a8800000| Complete |  0
|  99|0x00000000a8900000, 0x00000000a8a00000, 0x00000000a8a00000|100%| E|CS|TAMS 0x00000000a8900000| PB 0x00000000a8900000| Complete |  0
| 100|0x00000000a8a00000, 0x00000000a8b00000, 0x00000000a8b00000|100%| E|CS|TAMS 0x00000000a8a00000| PB 0x00000000a8a00000| Complete |  0
| 101|0x00000000a8b00000, 0x00000000a8c00000, 0x00000000a8c00000|100%| E|CS|TAMS 0x00000000a8b00000| PB 0x00000000a8b00000| Complete |  0
| 102|0x00000000a8c00000, 0x00000000a8d00000, 0x00000000a8d00000|100%| E|CS|TAMS 0x00000000a8c00000| PB 0x00000000a8c00000| Complete |  0
| 103|0x00000000a8d00000, 0x00000000a8e00000, 0x00000000a8e00000|100%| E|CS|TAMS 0x00000000a8d00000| PB 0x00000000a8d00000| Complete |  0
| 104|0x00000000a8e00000, 0x00000000a8f00000, 0x00000000a8f00000|100%| E|CS|TAMS 0x00000000a8e00000| PB 0x00000000a8e00000| Complete |  0
| 105|0x00000000a8f00000, 0x00000000a9000000, 0x00000000a9000000|100%| E|CS|TAMS 0x00000000a8f00000| PB 0x00000000a8f00000| Complete |  0
| 106|0x00000000a9000000, 0x00000000a9100000, 0x00000000a9100000|100%| E|CS|TAMS 0x00000000a9000000| PB 0x00000000a9000000| Complete |  0
|1494|0x00000000ffc00000, 0x00000000ffd00000, 0x00000000ffd00000|100%| O|  |TAMS 0x00000000ffc00000| PB 0x00000000ffc00000| Untracked |  0
|1495|0x00000000ffd00000, 0x00000000ffe00000, 0x00000000ffe00000|100%| O|  |TAMS 0x00000000ffd00000| PB 0x00000000ffd00000| Untracked |  0
|1496|0x00000000ffe00000, 0x00000000fff00000, 0x00000000fff00000|100%| O|  |TAMS 0x00000000ffe00000| PB 0x00000000ffe00000| Untracked |  0
|1497|0x00000000fff00000, 0x0000000100000000, 0x0000000100000000|100%| E|CS|TAMS 0x00000000fff00000| PB 0x00000000fff00000| Complete |  0

Card table byte_map: [0x000002532d250000,0x000002532d540000] _byte_map_base: 0x000002532cd3d000

Marking Bits: (CMBitMap*) 0x00000253151c76f0
 Bits: [0x000002532d540000, 0x000002532eca8000)

Polling page: 0x0000025313300000

Metaspace:
Metaspace        used 29975K, committed 30464K, reserved 1114112K
 class space     used 2841K, committed 3072K, reserved 1048576K

Usage:
  Non-class:     26.50 MB used.
      Class:      2.78 MB used.
       Both:     29.27 MB used.

Virtual space:
  Non-class space:       64.00 MB reserved,      26.75 MB ( 42%) committed,  1 nodes.
      Class space:        1.00 GB reserved,       3.00 MB ( <1%) committed,  1 nodes.
             Both:        1.06 GB reserved,      29.75 MB (  3%) committed. 

Chunk freelists:
   Non-Class:  4.32 MB
       Class:  12.93 MB
        Both:  17.25 MB

MaxMetaspaceSize: unlimited
CompressedClassSpaceSize: 1.00 GB
Initial GC threshold: 21.00 MB
Current GC threshold: 35.44 MB
CDS: on
 - commit_granule_bytes: 65536.
 - commit_granule_words: 8192.
 - virtual_space_node_default_size: 8388608.
 - enlarge_chunks_in_place: 1.
UseCompressedClassPointers 1, UseCompactObjectHeaders 0
Narrow klass pointer bits 32, Max shift 3
Narrow klass base: 0x0000000029000000, Narrow klass shift: 0
Encoding Range: [0x0000000029000000 - 0x0000000129000000), (4294967296 bytes)
Klass Range:    [0x0000000029010000 - 0x000000006a000000), (1090453504 bytes)
Klass ID Range:  [65536 - 1090519033) (1090453497)
Protection zone: [0x0000000029000000 - 0x0000000029010000), (65536 bytes)


Internal statistics:

num_allocs_failed_limit: 3.
num_arena_births: 454.
num_arena_deaths: 0.
num_vsnodes_births: 2.
num_vsnodes_deaths: 0.
num_space_committed: 476.
num_space_uncommitted: 0.
num_chunks_returned_to_freelist: 3.
num_chunks_taken_from_freelist: 1583.
num_chunk_merges: 3.
num_chunk_splits: 1108.
num_chunks_enlarged: 838.
num_inconsistent_stats: 0.

CodeHeap 'non-profiled nmethods': size=120064Kb used=3061Kb max_used=3061Kb free=117003Kb
 bounds [0x00000253254c0000, 0x00000253257c0000, 0x000002532ca00000]
CodeHeap 'profiled nmethods': size=120000Kb used=15525Kb max_used=15525Kb free=104474Kb
 bounds [0x000002531da00000, 0x000002531e930000, 0x0000025324f30000]
CodeHeap 'non-nmethods': size=5696Kb used=1449Kb max_used=1594Kb free=4246Kb
 bounds [0x0000025324f30000, 0x00000253251a0000, 0x00000253254c0000]
CodeCache: size=245760Kb, used=20035Kb, max_used=20180Kb, free=225723Kb
 total_blobs=9168, nmethods=8592, adapters=479, full_count=0
Compilation: enabled, stopped_count=0, restarted_count=0

Compilation events (20 events):
Event: 5.836 Thread 0x00000253318ce5f0 nmethod 8491 0x000002531e8e1f08 code [0x000002531e8e2000, 0x000002531e8e2898]
Event: 5.836 Thread 0x00000253318ce5f0 8492   !   3       sun.net.www.protocol.jar.JarFileFactory::getConnection (40 bytes)
Event: 5.836 Thread 0x00000253318ce5f0 nmethod 8492 0x000002531e8e2908 code [0x000002531e8e2a00, 0x000002531e8e3158]
Event: 5.843 Thread 0x00000253318ce5f0 8494       2       java.util.HashMap::computeIfAbsent (330 bytes)
Event: 5.844 Thread 0x00000253318ce5f0 nmethod 8494 0x000002531e8e3188 code [0x000002531e8e3280, 0x000002531e8e3d08]
Event: 5.844 Thread 0x00000253318ce5f0 8496       3       jdk.internal.classfile.impl.AttributeHolder::get (37 bytes)
Event: 5.844 Thread 0x00000253318ce5f0 nmethod 8496 0x000002531e8e3d88 code [0x000002531e8e3e80, 0x000002531e8e41a0]
Event: 5.844 Thread 0x00000253318ce5f0 8495       3       java.lang.reflect.ProxyGenerator::proxyMethodsFor (19 bytes)
Event: 5.844 Thread 0x00000253318ce5f0 nmethod 8495 0x000002531e8e4208 code [0x000002531e8e4300, 0x000002531e8e46d0]
Event: 5.850 Thread 0x00000253318ce5f0 8501       3       java.lang.invoke.LambdaForm::create (95 bytes)
Event: 5.851 Thread 0x00000253318ce5f0 nmethod 8501 0x000002531e8e4708 code [0x000002531e8e4800, 0x000002531e8e4d98]
Event: 5.851 Thread 0x00000253318ce5f0 8502       3       java.lang.invoke.LambdaForm::fixResult (31 bytes)
Event: 5.851 Thread 0x00000253318ce5f0 nmethod 8502 0x000002531e8e4e08 code [0x000002531e8e4f00, 0x000002531e8e50c0]
Event: 5.851 Thread 0x00000253318ce5f0 8503       3       java.lang.invoke.LambdaForm::<init> (53 bytes)
Event: 5.851 Thread 0x00000253318ce5f0 nmethod 8503 0x000002531e8e5108 code [0x000002531e8e5200, 0x000002531e8e54c8]
Event: 5.851 Thread 0x00000253318ce5f0 8504       3       java.lang.invoke.InvokerBytecodeGenerator::generateCustomizedCode (34 bytes)
Event: 5.851 Thread 0x00000253318ce5f0 nmethod 8504 0x000002531e8e5508 code [0x000002531e8e5600, 0x000002531e8e58b8]
Event: 5.851 Thread 0x00000253318ce5f0 8505       3       java.lang.invoke.InvokerBytecodeGenerator::lookupPregenerated (318 bytes)
Event: 5.852 Thread 0x00000253318ce5f0 nmethod 8505 0x000002531e8e5908 code [0x000002531e8e5a00, 0x000002531e8e7538]
Event: 5.852 Thread 0x00000253318ce5f0 8509       3       jdk.internal.classfile.impl.StackMapGenerator::processBlock (2767 bytes)

GC Heap Usage History (16 events):
Event: 0.932 {heap Before GC invocations=0 (full 0):
 garbage-first heap   total reserved 1533952K, committed 98304K, used 49299K [0x00000000a2600000, 0x0000000100000000)
  region size 1024K, 47 young (48128K), 0 survivors (0K)
}
Event: 0.943 {heap After GC invocations=1 (full 0):
 garbage-first heap   total reserved 1533952K, committed 98304K, used 5907K [0x00000000a2600000, 0x0000000100000000)
  region size 1024K, 5 young (5120K), 5 survivors (5120K)
}
Event: 1.835 {heap Before GC invocations=1 (full 0):
 garbage-first heap   total reserved 1533952K, committed 98304K, used 47891K [0x00000000a2600000, 0x0000000100000000)
  region size 1024K, 46 young (47104K), 5 survivors (5120K)
}
Event: 1.850 {heap After GC invocations=2 (full 0):
 garbage-first heap   total reserved 1533952K, committed 98304K, used 11734K [0x00000000a2600000, 0x0000000100000000)
  region size 1024K, 6 young (6144K), 6 survivors (6144K)
}
Event: 2.524 {heap Before GC invocations=2 (full 0):
 garbage-first heap   total reserved 1533952K, committed 98304K, used 57814K [0x00000000a2600000, 0x0000000100000000)
  region size 1024K, 51 young (52224K), 6 survivors (6144K)
}
Event: 2.536 {heap After GC invocations=3 (full 0):
 garbage-first heap   total reserved 1533952K, committed 98304K, used 15507K [0x00000000a2600000, 0x0000000100000000)
  region size 1024K, 4 young (4096K), 4 survivors (4096K)
}
Event: 3.685 {heap Before GC invocations=3 (full 0):
 garbage-first heap   total reserved 1533952K, committed 98304K, used 65683K [0x00000000a2600000, 0x0000000100000000)
  region size 1024K, 53 young (54272K), 4 survivors (4096K)
}
Event: 3.692 {heap After GC invocations=4 (full 0):
 garbage-first heap   total reserved 1533952K, committed 98304K, used 17837K [0x00000000a2600000, 0x0000000100000000)
  region size 1024K, 3 young (3072K), 3 survivors (3072K)
}
Event: 4.255 {heap Before GC invocations=4 (full 0):
 garbage-first heap   total reserved 1533952K, committed 98304K, used 47533K [0x00000000a2600000, 0x0000000100000000)
  region size 1024K, 29 young (29696K), 3 survivors (3072K)
}
Event: 4.265 {heap After GC invocations=5 (full 0):
 garbage-first heap   total reserved 1533952K, committed 98304K, used 26210K [0x00000000a2600000, 0x0000000100000000)
  region size 1024K, 7 young (7168K), 7 survivors (7168K)
}
Event: 4.853 {heap Before GC invocations=6 (full 0):
 garbage-first heap   total reserved 1533952K, committed 92160K, used 73314K [0x00000000a2600000, 0x0000000100000000)
  region size 1024K, 53 young (54272K), 7 survivors (7168K)
}
Event: 4.874 {heap After GC invocations=7 (full 0):
 garbage-first heap   total reserved 1533952K, committed 94208K, used 36450K [0x00000000a2600000, 0x0000000100000000)
  region size 1024K, 7 young (7168K), 7 survivors (7168K)
}
Event: 5.313 {heap Before GC invocations=7 (full 0):
 garbage-first heap   total reserved 1533952K, committed 94208K, used 71266K [0x00000000a2600000, 0x0000000100000000)
  region size 1024K, 41 young (41984K), 7 survivors (7168K)
}
Event: 5.332 {heap After GC invocations=8 (full 0):
 garbage-first heap   total reserved 1533952K, committed 113664K, used 41935K [0x00000000a2600000, 0x0000000100000000)
  region size 1024K, 5 young (5120K), 5 survivors (5120K)
}
Event: 5.791 {heap Before GC invocations=8 (full 0):
 garbage-first heap   total reserved 1533952K, committed 113664K, used 86991K [0x00000000a2600000, 0x0000000100000000)
  region size 1024K, 50 young (51200K), 5 survivors (5120K)
}
Event: 5.798 {heap After GC invocations=9 (full 0):
 garbage-first heap   total reserved 1533952K, committed 113664K, used 42959K [0x00000000a2600000, 0x0000000100000000)
  region size 1024K, 1 young (1024K), 1 survivors (1024K)
}

Metaspace Usage History (16 events):
Event: 0.932 {metaspace Before GC invocations=0 (full 0):
 Metaspace       used 9448K, committed 9600K, reserved 1114112K
  class space    used 837K, committed 896K, reserved 1048576K
}
Event: 0.943 {metaspace After GC invocations=1 (full 0):
 Metaspace       used 9448K, committed 9600K, reserved 1114112K
  class space    used 837K, committed 896K, reserved 1048576K
}
Event: 1.835 {metaspace Before GC invocations=1 (full 0):
 Metaspace       used 14757K, committed 14976K, reserved 1114112K
  class space    used 1395K, committed 1472K, reserved 1048576K
}
Event: 1.850 {metaspace After GC invocations=2 (full 0):
 Metaspace       used 14757K, committed 14976K, reserved 1114112K
  class space    used 1395K, committed 1472K, reserved 1048576K
}
Event: 2.524 {metaspace Before GC invocations=2 (full 0):
 Metaspace       used 15731K, committed 15936K, reserved 1114112K
  class space    used 1468K, committed 1536K, reserved 1048576K
}
Event: 2.536 {metaspace After GC invocations=3 (full 0):
 Metaspace       used 15731K, committed 15936K, reserved 1114112K
  class space    used 1468K, committed 1536K, reserved 1048576K
}
Event: 3.685 {metaspace Before GC invocations=3 (full 0):
 Metaspace       used 17586K, committed 17856K, reserved 1114112K
  class space    used 1612K, committed 1728K, reserved 1048576K
}
Event: 3.692 {metaspace After GC invocations=4 (full 0):
 Metaspace       used 17586K, committed 17856K, reserved 1114112K
  class space    used 1612K, committed 1728K, reserved 1048576K
}
Event: 4.255 {metaspace Before GC invocations=4 (full 0):
 Metaspace       used 21217K, committed 21504K, reserved 1114112K
  class space    used 1982K, committed 2112K, reserved 1048576K
}
Event: 4.265 {metaspace After GC invocations=5 (full 0):
 Metaspace       used 21217K, committed 21504K, reserved 1114112K
  class space    used 1982K, committed 2112K, reserved 1048576K
}
Event: 4.853 {metaspace Before GC invocations=6 (full 0):
 Metaspace       used 26625K, committed 27008K, reserved 1114112K
  class space    used 2517K, committed 2688K, reserved 1048576K
}
Event: 4.874 {metaspace After GC invocations=7 (full 0):
 Metaspace       used 26625K, committed 27008K, reserved 1114112K
  class space    used 2517K, committed 2688K, reserved 1048576K
}
Event: 5.313 {metaspace Before GC invocations=7 (full 0):
 Metaspace       used 27934K, committed 28224K, reserved 1114112K
  class space    used 2611K, committed 2752K, reserved 1048576K
}
Event: 5.332 {metaspace After GC invocations=8 (full 0):
 Metaspace       used 27934K, committed 28224K, reserved 1114112K
  class space    used 2611K, committed 2752K, reserved 1048576K
}
Event: 5.791 {metaspace Before GC invocations=8 (full 0):
 Metaspace       used 29476K, committed 29824K, reserved 1114112K
  class space    used 2758K, committed 2944K, reserved 1048576K
}
Event: 5.798 {metaspace After GC invocations=9 (full 0):
 Metaspace       used 29476K, committed 29824K, reserved 1114112K
  class space    used 2758K, committed 2944K, reserved 1048576K
}

Dll operation events (7 events):
Event: 0.007 Loaded shared library C:\Users\jungw\.jdks\openjdk-25.0.1\bin\java.dll
Event: 0.057 Loaded shared library C:\Users\jungw\.jdks\openjdk-25.0.1\bin\net.dll
Event: 0.059 Loaded shared library C:\Users\jungw\.jdks\openjdk-25.0.1\bin\nio.dll
Event: 0.063 Loaded shared library C:\Users\jungw\.jdks\openjdk-25.0.1\bin\zip.dll
Event: 0.203 Loaded shared library C:\Users\jungw\.jdks\openjdk-25.0.1\bin\jimage.dll
Event: 0.205 Loaded shared library C:\Users\jungw\.m2\wrapper\dists\apache-maven-3.9.14\db91789b\lib\jansi-native\Windows\x86_64\jansi.dll
Event: 0.213 Loaded shared library C:\Users\jungw\.jdks\openjdk-25.0.1\bin\verify.dll

Deoptimization events (20 events):
Event: 5.823 Thread 0x0000025312ed25d0 Uncommon trap: trap_request=0xffffffde fr.pc=0x00000253256c984c relative=0x000000000000004c
Event: 5.823 Thread 0x0000025312ed25d0 Uncommon trap: reason=class_check action=maybe_recompile pc=0x00000253256c984c method=java.lang.invoke.DirectMethodHandle.internalMemberName(Ljava/lang/Object;)Ljava/lang/Object; @ 1 c2
Event: 5.823 Thread 0x0000025312ed25d0 DEOPT PACKING pc=0x00000253256c984c sp=0x000000736c6fcc40
Event: 5.823 Thread 0x0000025312ed25d0 DEOPT UNPACKING pc=0x0000025325050c82 sp=0x000000736c6fcbd0 mode 2
Event: 5.823 Thread 0x0000025312ed25d0 Uncommon trap: trap_request=0xffffffde fr.pc=0x00000253256c984c relative=0x000000000000004c
Event: 5.823 Thread 0x0000025312ed25d0 Uncommon trap: reason=class_check action=maybe_recompile pc=0x00000253256c984c method=java.lang.invoke.DirectMethodHandle.internalMemberName(Ljava/lang/Object;)Ljava/lang/Object; @ 1 c2
Event: 5.823 Thread 0x0000025312ed25d0 DEOPT PACKING pc=0x00000253256c984c sp=0x000000736c6fcaa0
Event: 5.823 Thread 0x0000025312ed25d0 DEOPT UNPACKING pc=0x0000025325050c82 sp=0x000000736c6fca30 mode 2
Event: 5.823 Thread 0x0000025312ed25d0 Uncommon trap: trap_request=0xffffffde fr.pc=0x00000253256c984c relative=0x000000000000004c
Event: 5.823 Thread 0x0000025312ed25d0 Uncommon trap: reason=class_check action=maybe_recompile pc=0x00000253256c984c method=java.lang.invoke.DirectMethodHandle.internalMemberName(Ljava/lang/Object;)Ljava/lang/Object; @ 1 c2
Event: 5.823 Thread 0x0000025312ed25d0 DEOPT PACKING pc=0x00000253256c984c sp=0x000000736c6fcb70
Event: 5.823 Thread 0x0000025312ed25d0 DEOPT UNPACKING pc=0x0000025325050c82 sp=0x000000736c6fcb00 mode 2
Event: 5.850 Thread 0x0000025312ed25d0 Uncommon trap: trap_request=0xffffff45 fr.pc=0x0000025325774820 relative=0x0000000000001ea0
Event: 5.850 Thread 0x0000025312ed25d0 Uncommon trap: reason=unstable_if action=reinterpret pc=0x0000025325774820 method=jdk.internal.classfile.impl.StackMapGenerator.processBlock(Ljdk/internal/classfile/impl/RawBytecodeHelper;)Z @ 56 c2
Event: 5.850 Thread 0x0000025312ed25d0 DEOPT PACKING pc=0x0000025325774820 sp=0x000000736c6fb4c0
Event: 5.850 Thread 0x0000025312ed25d0 DEOPT UNPACKING pc=0x0000025325050c82 sp=0x000000736c6fb438 mode 2
Event: 5.858 Thread 0x0000025312ed25d0 Uncommon trap: trap_request=0xffffff45 fr.pc=0x00000253256c6984 relative=0x0000000000000384
Event: 5.858 Thread 0x0000025312ed25d0 Uncommon trap: reason=unstable_if action=reinterpret pc=0x00000253256c6984 method=java.lang.invoke.MethodType.methodType(Ljava/lang/Class;[Ljava/lang/Class;Z)Ljava/lang/invoke/MethodType; @ 53 c2
Event: 5.858 Thread 0x0000025312ed25d0 DEOPT PACKING pc=0x00000253256c6984 sp=0x000000736c6f9520
Event: 5.858 Thread 0x0000025312ed25d0 DEOPT UNPACKING pc=0x0000025325050c82 sp=0x000000736c6f94a0 mode 2

Classes loaded (20 events):
Event: 5.599 Loading class java/util/IdentityHashMap$EntryIterator
Event: 5.599 Loading class java/util/IdentityHashMap$EntryIterator done
Event: 5.599 Loading class java/util/IdentityHashMap$EntryIterator$Entry
Event: 5.599 Loading class java/util/IdentityHashMap$EntryIterator$Entry done
Event: 5.607 Loading class java/util/function/UnaryOperator
Event: 5.607 Loading class java/util/function/UnaryOperator done
Event: 5.617 Loading class java/util/regex/Pattern$Caret
Event: 5.618 Loading class java/util/regex/Pattern$Caret done
Event: 5.839 Loading class java/util/regex/Pattern$SliceI
Event: 5.840 Loading class java/util/regex/Pattern$SliceI done
Event: 5.841 Loading class java/util/regex/Pattern$Loop
Event: 5.842 Loading class java/util/regex/Pattern$Loop done
Event: 5.842 Loading class java/util/regex/Pattern$Prolog
Event: 5.842 Loading class java/util/regex/Pattern$Prolog done
Event: 5.854 Loading class java/lang/invoke/MethodHandleImpl$ArrayAccessor
Event: 5.855 Loading class java/lang/invoke/MethodHandleImpl$ArrayAccessor done
Event: 5.855 Loading class java/lang/invoke/MethodHandleImpl$ArrayAccessor$1
Event: 5.855 Loading class java/lang/invoke/MethodHandleImpl$ArrayAccessor$1 done
Event: 5.856 Loading class java/lang/invoke/BoundMethodHandle$Species_LLLLLL
Event: 5.856 Loading class java/lang/invoke/BoundMethodHandle$Species_LLLLLL done

Classes unloaded (0 events):
No events

Classes redefined (0 events):
No events

Internal exceptions (20 events):
Event: 5.066 Thread 0x0000025312ed25d0 Exception <a 'sun/nio/fs/WindowsException'{0x00000000a67e1930}> (0x00000000a67e1930) 
thrown [s\open\src\hotspot\share\prims\jni.cpp, line 516]
Event: 5.073 Thread 0x0000025312ed25d0 Exception <a 'sun/nio/fs/WindowsException'{0x00000000a67f1940}> (0x00000000a67f1940) 
thrown [s\open\src\hotspot\share\prims\jni.cpp, line 516]
Event: 5.073 Thread 0x0000025312ed25d0 Exception <a 'sun/nio/fs/WindowsException'{0x00000000a67f5040}> (0x00000000a67f5040) 
thrown [s\open\src\hotspot\share\prims\jni.cpp, line 516]
Event: 5.074 Thread 0x0000025312ed25d0 Exception <a 'sun/nio/fs/WindowsException'{0x00000000a67fe6b8}> (0x00000000a67fe6b8) 
thrown [s\open\src\hotspot\share\prims\jni.cpp, line 516]
Event: 5.117 Thread 0x0000025312ed25d0 Exception <a 'sun/nio/fs/WindowsException'{0x00000000a650c2e8}> (0x00000000a650c2e8) 
thrown [s\open\src\hotspot\share\prims\jni.cpp, line 516]
Event: 5.118 Thread 0x0000025312ed25d0 Exception <a 'sun/nio/fs/WindowsException'{0x00000000a6512758}> (0x00000000a6512758) 
thrown [s\open\src\hotspot\share\prims\jni.cpp, line 516]
Event: 5.119 Thread 0x0000025312ed25d0 Exception <a 'sun/nio/fs/WindowsException'{0x00000000a6521f60}> (0x00000000a6521f60) 
thrown [s\open\src\hotspot\share\prims\jni.cpp, line 516]
Event: 5.240 Thread 0x0000025312ed25d0 Implicit null exception at 0x00000253255c3c6b to 0x00000253255c40d8
Event: 5.253 Thread 0x0000025312ed25d0 Implicit null exception at 0x000002532562f545 to 0x000002532562f71c
Event: 5.648 Thread 0x0000025312ed25d0 Implicit null exception at 0x0000025325661bb9 to 0x0000025325661fa8
Event: 5.818 Thread 0x0000025312ed25d0 Exception <a 'java/lang/NoSuchMethodError'{0x00000000a8f416b8}: 'java.lang.Object java.lang.invoke.DirectMethodHandle$Holder.invokeVirtual(java.lang.Object, java.lang.Object, java.lang.Object, java.lang.Object)'> (0x00000000a8f416b8) 
thrown [s\open\src\hotspot\share\interpreter\linkResolver.cpp, line 804]
Event: 5.822 Thread 0x0000025312ed25d0 Exception <a 'java/lang/NoSuchMethodError'{0x00000000a8f7f270}: 'void java.lang.invoke.DirectMethodHandle$Holder.invokeInterface(java.lang.Object, java.lang.Object, java.lang.Object, int)'> (0x00000000a8f7f270) 
thrown [s\open\src\hotspot\share\interpreter\linkResolver.cpp, line 804]
Event: 5.822 Thread 0x0000025312ed25d0 Exception <a 'java/lang/NoSuchMethodError'{0x00000000a8f8fc20}: 'void java.lang.invoke.DelegatingMethodHandle$Holder.reinvoke_L(java.lang.Object, java.lang.Object, java.lang.Object, int)'> (0x00000000a8f8fc20) 
thrown [s\open\src\hotspot\share\interpreter\linkResolver.cpp, line 804]
Event: 5.849 Thread 0x0000025312ed25d0 Exception <a 'java/lang/NoSuchMethodError'{0x00000000a8b510c8}: 'java.lang.Object java.lang.invoke.DirectMethodHandle$Holder.invokeVirtual(java.lang.Object, java.lang.Object, long)'> (0x00000000a8b510c8) 
thrown [s\open\src\hotspot\share\interpreter\linkResolver.cpp, line 804]
Event: 5.850 Thread 0x0000025312ed25d0 Exception <a 'java/lang/NoSuchMethodError'{0x00000000a8b694c0}: 'long java.lang.invoke.DelegatingMethodHandle$Holder.reinvoke_L(java.lang.Object, java.lang.Object, int)'> (0x00000000a8b694c0) 
thrown [s\open\src\hotspot\share\interpreter\linkResolver.cpp, line 804]
Event: 5.852 Thread 0x0000025312ed25d0 Exception <a 'java/lang/NoSuchMethodError'{0x00000000a8b96358}: 'java.lang.Object java.lang.invoke.DirectMethodHandle$Holder.invokeVirtual(java.lang.Object, java.lang.Object, java.lang.Object, java.lang.Object, java.lang.Object, java.lang.Object, java.lang.Object, java.lang.Object)'> (0x00000000a8b96358) 
thrown [s\open\src\hotspot\share\interpreter\linkResolver.cpp, line 804]
Event: 5.855 Thread 0x0000025312ed25d0 Exception <a 'java/lang/NoSuchMethodError'{0x00000000a8bcb7c0}: 'java.lang.Object java.lang.invoke.DirectMethodHandle$Holder.invokeStatic(java.lang.Object, java.lang.Object, int)'> (0x00000000a8bcb7c0) 
thrown [s\open\src\hotspot\share\interpreter\linkResolver.cpp, line 804]
Event: 5.855 Thread 0x0000025312ed25d0 Exception <a 'java/lang/NoSuchMethodError'{0x00000000a8bd4220}: 'void java.lang.invoke.DirectMethodHandle$Holder.invokeStatic(java.lang.Object, java.lang.Object, int, java.lang.Object)'> (0x00000000a8bd4220) 
thrown [s\open\src\hotspot\share\interpreter\linkResolver.cpp, line 804]
Event: 5.856 Thread 0x0000025312ed25d0 Exception <a 'java/lang/NoSuchMethodError'{0x00000000a8be4710}: 'void java.lang.invoke.DelegatingMethodHandle$Holder.delegate(java.lang.Object, java.lang.Object, int, java.lang.Object)'> (0x00000000a8be4710) 
thrown [s\open\src\hotspot\share\interpreter\linkResolver.cpp, line 804]
Event: 5.857 Thread 0x0000025312ed25d0 Exception <a 'java/lang/NoSuchMethodError'{0x00000000a8a08e08}: 'java.lang.Object java.lang.invoke.DirectMethodHandle$Holder.invokeStatic(java.lang.Object, java.lang.Object, java.lang.Object, java.lang.Object, java.lang.Object, java.lang.Object, java.lang.Object, java.lang.Object, java.lang.Object)'> (0x00000000a8a08e08) 
thrown [s\open\src\hotspot\share\interpreter\linkResolver.cpp, line 804]

VM Operations (20 events):
Event: 4.275 Executing safepoint VM operation: G1PauseRemark
Event: 4.282 Executing safepoint VM operation: G1PauseRemark done
Event: 4.285 Executing safepoint VM operation: G1PauseCleanup
Event: 4.287 Executing safepoint VM operation: G1PauseCleanup done
Event: 4.609 Executing non-safepoint VM operation: HandshakeAllThreads (Deoptimize)
Event: 4.610 Executing non-safepoint VM operation: HandshakeAllThreads (Deoptimize) done
Event: 4.853 Executing safepoint VM operation: G1CollectForAllocation (G1 Evacuation Pause)
Event: 4.874 Executing safepoint VM operation: G1CollectForAllocation (G1 Evacuation Pause) done
Event: 4.885 Executing non-safepoint VM operation: HandshakeAllThreads (Deoptimize)
Event: 4.885 Executing non-safepoint VM operation: HandshakeAllThreads (Deoptimize) done
Event: 5.071 Executing non-safepoint VM operation: HandshakeAllThreads (Deoptimize)
Event: 5.071 Executing non-safepoint VM operation: HandshakeAllThreads (Deoptimize) done
Event: 5.155 Executing non-safepoint VM operation: HandshakeAllThreads (Deoptimize)
Event: 5.155 Executing non-safepoint VM operation: HandshakeAllThreads (Deoptimize) done
Event: 5.237 Executing non-safepoint VM operation: HandshakeAllThreads (Deoptimize)
Event: 5.237 Executing non-safepoint VM operation: HandshakeAllThreads (Deoptimize) done
Event: 5.313 Executing safepoint VM operation: G1CollectForAllocation (G1 Evacuation Pause)
Event: 5.332 Executing safepoint VM operation: G1CollectForAllocation (G1 Evacuation Pause) done
Event: 5.791 Executing safepoint VM operation: G1CollectForAllocation (G1 Evacuation Pause)
Event: 5.798 Executing safepoint VM operation: G1CollectForAllocation (G1 Evacuation Pause) done

Memory protections (0 events):
No events

Nmethod flushes (0 events):
No events

Events (17 events):
Event: 0.022 Thread 0x0000025312ed25d0 Thread added: 0x0000025312ed25d0
Event: 0.037 Thread 0x0000025312ed25d0 Thread added: 0x00000253318adf80
Event: 0.037 Thread 0x0000025312ed25d0 Thread added: 0x00000253318ae740
Event: 0.038 Thread 0x0000025312ed25d0 Thread added: 0x00000253318a1cf0
Event: 0.038 Thread 0x0000025312ed25d0 Thread added: 0x00000253318a2860
Event: 0.038 Thread 0x0000025312ed25d0 Thread added: 0x00000253318a5030
Event: 0.038 Thread 0x0000025312ed25d0 Thread added: 0x00000253318b6fe0
Event: 0.038 Thread 0x0000025312ed25d0 Thread added: 0x00000253318c7c10
Event: 0.038 Thread 0x0000025312ed25d0 Thread added: 0x00000253318ce5f0
Event: 0.052 Thread 0x0000025312ed25d0 Thread added: 0x0000025331a11b40
Event: 0.053 Thread 0x0000025312ed25d0 Thread added: 0x0000025331a324e0
Event: 0.201 Thread 0x0000025312ed25d0 Thread added: 0x0000025331cd8c60
Event: 0.405 Thread 0x0000025331cd8c60 Thread exited: 0x0000025331cd8c60
Event: 1.480 Thread 0x00000253318ce5f0 Thread added: 0x00000253318cf610
Event: 4.013 Thread 0x00000253318cf610 Thread exited: 0x00000253318cf610
Event: 4.184 Thread 0x00000253318c7c10 Thread added: 0x0000025336d54100
Event: 4.184 Thread 0x00000253318c7c10 Thread added: 0x0000025336d58180


Dynamic libraries:
0x00007ff796030000 - 0x00007ff79603e000 	C:\Users\jungw\.jdks\openjdk-25.0.1\bin\java.exe
0x00007ffad27c0000 - 0x00007ffad2a27000 	C:\WINDOWS\SYSTEM32\ntdll.dll
0x00007ffad0630000 - 0x00007ffad06f9000 	C:\WINDOWS\System32\KERNEL32.DLL
0x00007ffacf440000 - 0x00007ffacf831000 	C:\WINDOWS\System32\KERNELBASE.dll
0x00007ffacf240000 - 0x00007ffacf38b000 	C:\WINDOWS\System32\ucrtbase.dll
0x00007ffaca2e0000 - 0x00007ffaca2f7000 	C:\Users\jungw\.jdks\openjdk-25.0.1\bin\jli.dll
0x00007ffac84f0000 - 0x00007ffac850e000 	C:\Users\jungw\.jdks\openjdk-25.0.1\bin\VCRUNTIME140.dll
0x00007ffad23d0000 - 0x00007ffad2595000 	C:\WINDOWS\System32\USER32.dll
0x00007ffacf0a0000 - 0x00007ffacf0c7000 	C:\WINDOWS\System32\win32u.dll
0x00007ffad23a0000 - 0x00007ffad23cb000 	C:\WINDOWS\System32\GDI32.dll
0x00007ffaba590000 - 0x00007ffaba823000 	C:\WINDOWS\WinSxS\amd64_microsoft.windows.common-controls_6595b64144ccf1df_6.0.26100.8037_none_3e092faae333b53b\COMCTL32.dll
0x00007ffacf9c0000 - 0x00007ffacfaeb000 	C:\WINDOWS\System32\gdi32full.dll
0x00007ffad1200000 - 0x00007ffad12a9000 	C:\WINDOWS\System32\msvcrt.dll
0x00007ffacf390000 - 0x00007ffacf433000 	C:\WINDOWS\System32\msvcp_win.dll
0x00007ffad0880000 - 0x00007ffad08b1000 	C:\WINDOWS\System32\IMM32.DLL
0x00007ffaca240000 - 0x00007ffaca24c000 	C:\Users\jungw\.jdks\openjdk-25.0.1\bin\vcruntime140_1.dll
0x00007ffac5500000 - 0x00007ffac558d000 	C:\Users\jungw\.jdks\openjdk-25.0.1\bin\msvcp140.dll
0x00007ffa657d0000 - 0x00007ffa6662f000 	C:\Users\jungw\.jdks\openjdk-25.0.1\bin\server\jvm.dll
0x00007ffad08d0000 - 0x00007ffad098b000 	C:\WINDOWS\System32\ADVAPI32.dll
0x00007ffad25d0000 - 0x00007ffad2677000 	C:\WINDOWS\System32\sechost.dll
0x00007ffad0990000 - 0x00007ffad0aa8000 	C:\WINDOWS\System32\RPCRT4.dll
0x00007ffad0f90000 - 0x00007ffad1004000 	C:\WINDOWS\System32\WS2_32.dll
0x00007ffaceee0000 - 0x00007ffacef3e000 	C:\WINDOWS\SYSTEM32\POWRPROF.dll
0x00007ffac7ef0000 - 0x00007ffac7efb000 	C:\WINDOWS\SYSTEM32\VERSION.dll
0x00007ffaccf90000 - 0x00007ffaccfc5000 	C:\WINDOWS\SYSTEM32\WINMM.dll
0x00007ffacef50000 - 0x00007ffacef64000 	C:\WINDOWS\SYSTEM32\UMPDC.dll
0x00007ffacde30000 - 0x00007ffacde4b000 	C:\WINDOWS\SYSTEM32\kernel.appcore.dll
0x00007ffac84e0000 - 0x00007ffac84ea000 	C:\Users\jungw\.jdks\openjdk-25.0.1\bin\jimage.dll
0x00007ffaccc80000 - 0x00007ffaccec2000 	C:\WINDOWS\SYSTEM32\DBGHELP.DLL
0x00007ffad0ab0000 - 0x00007ffad0e32000 	C:\WINDOWS\System32\combase.dll
0x00007ffad0eb0000 - 0x00007ffad0f87000 	C:\WINDOWS\System32\OLEAUT32.dll
0x00007ffaccf50000 - 0x00007ffaccf8b000 	C:\WINDOWS\SYSTEM32\dbgcore.DLL
0x00007ffacfb80000 - 0x00007ffacfc25000 	C:\WINDOWS\System32\bcryptPrimitives.dll
0x00007ffac84a0000 - 0x00007ffac84bf000 	C:\Users\jungw\.jdks\openjdk-25.0.1\bin\java.dll
0x00007ffad1060000 - 0x00007ffad11f5000 	C:\WINDOWS\System32\ole32.dll
0x00007ffad1980000 - 0x00007ffad20df000 	C:\WINDOWS\System32\SHELL32.dll
0x00007ffacf0d0000 - 0x00007ffacf23a000 	C:\WINDOWS\System32\wintypes.dll
0x00007ffacfc30000 - 0x00007ffad0494000 	C:\WINDOWS\System32\windows.storage.dll
0x00007ffad0780000 - 0x00007ffad0877000 	C:\WINDOWS\System32\SHCORE.dll
0x00007ffad0e40000 - 0x00007ffad0ea7000 	C:\WINDOWS\System32\shlwapi.dll
0x00007ffacefc0000 - 0x00007ffacefe9000 	C:\WINDOWS\SYSTEM32\profapi.dll
0x00007ffac8480000 - 0x00007ffac8492000 	C:\Users\jungw\.jdks\openjdk-25.0.1\bin\net.dll
0x00007fface3a0000 - 0x00007fface40b000 	C:\WINDOWS\system32\mswsock.dll
0x00007ffac8460000 - 0x00007ffac8476000 	C:\Users\jungw\.jdks\openjdk-25.0.1\bin\nio.dll
0x00007ffac67d0000 - 0x00007ffac67e7000 	C:\Users\jungw\.jdks\openjdk-25.0.1\bin\zip.dll
0x00007ffa95a00000 - 0x00007ffa95a24000 	C:\Users\jungw\.m2\wrapper\dists\apache-maven-3.9.14\db91789b\lib\jansi-native\Windows\x86_64\jansi.dll
0x00007ffac59d0000 - 0x00007ffac59e0000 	C:\Users\jungw\.jdks\openjdk-25.0.1\bin\verify.dll
0x00007ffacdf50000 - 0x00007ffacdf86000 	C:\WINDOWS\SYSTEM32\ntmarta.dll

JVMTI agents: none

dbghelp: loaded successfully - version: 4.0.5 - missing functions: none
symbol engine: initialized successfully - sym options: 0x614 - pdb path: .;C:\Users\jungw\.jdks\openjdk-25.0.1\bin;C:\WINDOWS\SYSTEM32;C:\WINDOWS\WinSxS\amd64_microsoft.windows.common-controls_6595b64144ccf1df_6.0.26100.8037_none_3e092faae333b53b;C:\Users\jungw\.jdks\openjdk-25.0.1\bin\server;C:\Users\jungw\.m2\wrapper\dists\apache-maven-3.9.14\db91789b\lib\jansi-native\Windows\x86_64

VM Arguments:
jvm_args: --add-opens=java.base/java.lang=ALL-UNNAMED --enable-native-access=ALL-UNNAMED -Dclassworlds.conf=C:/Users/jungw/.m2/wrapper/dists/apache-maven-3.9.14/db91789b/bin/m2.conf -Dmaven.home=C:/Users/jungw/.m2/wrapper/dists/apache-maven-3.9.14/db91789b -Dlibrary.jansi.path=C:/Users/jungw/.m2/wrapper/dists/apache-maven-3.9.14/db91789b/lib/jansi-native -Dmaven.multiModuleProjectDirectory=C:/TripTogether 
java_command: org.codehaus.plexus.classworlds.launcher.Launcher clean compile -q
java_class_path (initial): C:/Users/jungw/.m2/wrapper/dists/apache-maven-3.9.14/db91789b/boot/plexus-classworlds-2.9.0.jar
Launcher Type: SUN_STANDARD

[Global flags]
     intx CICompilerCount                          = 4                                         {product} {ergonomic}
     uint ConcGCThreads                            = 3                                         {product} {ergonomic}
     uint G1ConcRefinementThreads                  = 10                                        {product} {ergonomic}
   size_t G1HeapRegionSize                         = 1048576                                   {product} {ergonomic}
   size_t InitialHeapSize                          = 98566144                                  {product} {ergonomic}
   size_t MarkStackSize                            = 4194304                                   {product} {ergonomic}
   size_t MarkStackSizeMax                         = 536870912                                 {product} {ergonomic}
   size_t MaxHeapSize                              = 1570766848                                {product} {ergonomic}
   size_t MaxNewSize                               = 941621248                                 {product} {ergonomic}
   size_t MinHeapDeltaBytes                        = 1048576                                   {product} {ergonomic}
   size_t MinHeapSize                              = 8388608                                   {product} {ergonomic}
    uintx NonNMethodCodeHeapSize                   = 5832704                                {pd product} {ergonomic}
    uintx NonProfiledCodeHeapSize                  = 122945536                              {pd product} {ergonomic}
    uintx ProfiledCodeHeapSize                     = 122880000                              {pd product} {ergonomic}
    uintx ReservedCodeCacheSize                    = 251658240                              {pd product} {ergonomic}
     bool SegmentedCodeCache                       = true                                      {product} {ergonomic}
   size_t SoftMaxHeapSize                          = 1570766848                             {manageable} {ergonomic}
     bool UseCompressedOops                        = true                           {product lp64_product} {ergonomic}
     bool UseG1GC                                  = true                                      {product} {ergonomic}
     bool UseLargePagesIndividualAllocation        = false                                  {pd product} {ergonomic}

Logging:
Log output configuration:
 #0: stdout all=warning uptime,level,tags foldmultilines=false
 #1: stderr all=off uptime,level,tags foldmultilines=false

Release file:
IMPLEMENTOR="Oracle Corporation" 
JAVA_RUNTIME_VERSION="25.0.1+8-27" 
JAVA_VERSION="25.0.1" 
JAVA_VERSION_DATE="2025-10-21" 
LIBC="default" 
MODULES="java.base java.compiler java.datatransfer java.xml java.prefs java.desktop java.instrument java.logging java.management java.security.sasl java.naming java.rmi java.management.rmi java.net.http java.scripting java.security.jgss java.transaction.xa java.sql java.sql.rowset java.xml.crypto java.se java.smartcardio jdk.accessibility jdk.internal.jvmstat jdk.attach jdk.charsets jdk.internal.opt jdk.zipfs jdk.compiler jdk.crypto.cryptoki jdk.crypto.ec jdk.crypto.mscapi jdk.dynalink jdk.internal.ed jdk.editpad jdk.internal.vm.ci jdk.graal.compiler jdk.graal.compiler.management jdk.hotspot.agent jdk.httpserver jdk.incubator.vector jdk.internal.le jdk.internal.md jdk.jartool jdk.javadoc jdk.jcmd jdk.management jdk.management.agent jdk.jconsole jdk.jdeps jdk.jdwp.agent jdk.jdi jdk.jfr jdk.jlink jdk.jpackage jdk.jshell jdk.jsobject jdk.jstatd jdk.localedata jdk.management.jfr jdk.naming.dns jdk.naming.rmi jdk.net jdk.nio.mapmode jdk.sctp jdk.security.auth jdk.security.jgss jdk.unsupported jdk.unsupported.desktop jdk.xml.dom" 
OS_ARCH="x86_64" 
OS_NAME="Windows" 
SOURCE=".:git:78770bfaefd2" 

Environment Variables:
JAVA_HOME=C:/Users/jungw/.jdks/openjdk-25.0.1
PATH=C:\Users\jungw\bin;C:\Program Files\Git\mingw64\bin;C:\Program Files\Git\usr\local\bin;C:\Program Files\Git\usr\bin;C:\Program Files\Git\usr\bin;C:\Program Files\Git\mingw64\bin;C:\Program Files\Git\usr\bin;C:\Users\jungw\bin;C:\WINDOWS\system32;C:\WINDOWS;C:\WINDOWS\System32\Wbem;C:\WINDOWS\System32\WindowsPowerShell\v1.0;C:\WINDOWS\System32\OpenSSH;C:\Users\jungw\.jdks\openjdk-25.0.1\bin;C:\Program Files\Git\cmd;C:\Program Files\MySQL\MySQL Shell 8.0\bin;C:\Users\jungw\AppData\Local\Microsoft\WindowsApps;C:\Program Files\JetBrains\IntelliJ IDEA 2025.3.1.1\bin;C:\Users\jungw\.local\bin;C:\Program Files\Git\usr\bin\vendor_perl;C:\Program Files\Git\usr\bin\core_perl
USERNAME=jungw
SHELL=C:\Program Files\Git\usr\bin\bash.exe
TERM=xterm-256color
OS=Windows_NT
PROCESSOR_IDENTIFIER=AMD64 Family 25 Model 80 Stepping 0, AuthenticAMD
TMP=C:\Users\jungw\AppData\Local\Temp
TEMP=C:\Users\jungw\AppData\Local\Temp




Compilation memory statistics disabled.

Periodic native trim disabled

---------------  S Y S T E M  ---------------

OS:
 Windows 11 , 64 bit Build 26100 (10.0.26100.7920)
OS uptime: 1 days 1:30 hours

CPU: total 12 (initial active 12) (12 cores per cpu, 2 threads per core) family 25 model 80 stepping 0 microcode 0xa50000c, cx8, cmov, fxsr, ht, mmx, 3dnowpref, sse, sse2, sse3, ssse3, sse4a, sse4.1, sse4.2, popcnt, lzcnt, tsc, tscinvbit, avx, avx2, aes, erms, clmul, bmi1, bmi2, adx, sha, fma, vzeroupper, clflush, clflushopt, clwb, rdtscp, rdpid, fsrm, f16c, pku, cet_ss
Processor Information for the first 12 processors :
  Max Mhz: 2301, Current Mhz: 2301, Mhz Limit: 2301

Memory: 4k page, system-wide physical 5989M (897M free)
TotalPageFile size 24421M (AvailPageFile size 2275M)
current process WorkingSet (physical memory assigned to process): 282M, peak: 289M
current process commit charge ("private bytes"): 319M, peak: 330M

vm_info: OpenJDK 64-Bit Server VM (25.0.1+8-27) for windows-amd64 JRE (25.0.1+8-27), built on 2025-09-25T16:41:16Z with unknown MS VC++:1943

END.
